
Running test 2

T0: iteration 0
T1: iteration 0
T0: iteration 1
Thread 1 resumed by thread -1
T1: iteration 1
T0: iteration 2
Thread 1 resumed by thread -1
T1: iteration 2
T0: iteration 3
Thread 1 resumed by thread -1
T1: iteration 3
T0: iteration 4
Thread 1 resumed by thread -1
T1: iteration 4
Thread 1 resumed by thread -1

System exiting (normal)
